// Jest Snapshot v1, https://goo.gl/fbAQLP

exports[`VeryLongFactory #createPool gas 1`] = `4729417`;

exports[`VeryLongFactory factory bytecode size 1`] = `5151`;

exports[`VeryLongFactory pool bytecode size 1`] = `22962`;
